-- Git version string 'a5b6cd3-dirty' does not match vX.Y.Z format for MAJOR/MINOR/PATCH. Using 0.0.0 for these.
-- FW_VER_STRING: a5b6cd3-dirty
-- FW_VER_MAJOR: 0
-- FW_VER_MINOR: 0
-- FW_VER_PATCH: 0
-- PROJECT_VERSION_STRING: 0.0.0
Using PICO_SDK_PATH from environment ('C:\Users\Diversecity\pico-sdk')
PICO_SDK_PATH is C:/Users/Diversecity/pico-sdk
Target board (PICO_BOARD) is 'pico2_w'.
Using board configuration from C:/Users/Diversecity/pico-sdk/src/boards/include/boards/pico2_w.h
Auto-converting non-specific PICO_PLATFORM='rp2350' to 'rp2350-arm-s'
Defaulting platform (PICO_PLATFORM) to 'rp2350-arm-s' based on PICO_BOARD setting.
Defaulting compiler (PICO_COMPILER) to 'pico_arm_cortex_m33_gcc' since not specified or detected.
Configuring toolchain based on PICO_COMPILER 'pico_arm_cortex_m33_gcc'
Defaulting PICO_GCC_TRIPLE to 'arm-none-eabi'
-- The C compiler identification is GNU 14.2.1
-- The CXX compiler identification is GNU 14.2.1
-- The ASM compiler identification is GNU
-- Found assembler: C:/Program Files (x86)/Arm GNU Toolchain arm-none-eabi/14.2 rel1/bin/arm-none-eabi-gcc.exe
-- Detecting C compiler ABI info
-- Detecting C compiler ABI info - done
-- Check for working C compiler: C:/Program Files (x86)/Arm GNU Toolchain arm-none-eabi/14.2 rel1/bin/arm-none-eabi-gcc.exe - skipped
-- Detecting C compile features
-- Detecting C compile features - done
-- Detecting CXX compiler ABI info
-- Detecting CXX compiler ABI info - done
-- Check for working CXX compiler: C:/Program Files (x86)/Arm GNU Toolchain arm-none-eabi/14.2 rel1/bin/arm-none-eabi-g++.exe - skipped
-- Detecting CXX compile features
-- Detecting CXX compile features - done
Build type is RelWithDebInfo
CMake Warning at C:/Users/Diversecity/pico-sdk/tools/Findpicotool.cmake:30 (message):
  No installed picotool with version 2.3.0 found - building from source

  It is recommended to build and install picotool separately, or to set
  PICOTOOL_FETCH_FROM_GIT_PATH to a common directory for all your SDK
  projects
Call Stack (most recent call first):
  C:/Users/Diversecity/pico-sdk/tools/CMakeLists.txt:180 (find_package)
  C:/Users/Diversecity/pico-sdk/src/cmake/on_device.cmake:54 (pico_init_picotool)
  C:/Users/Diversecity/pico-sdk/src/rp2350/boot_stage2/CMakeLists.txt:62 (pico_add_dis_output)
  C:/Users/Diversecity/pico-sdk/src/rp2350/boot_stage2/CMakeLists.txt:103 (pico_define_boot_stage2)


Downloading Picotool
Using picotool from C:/Users/Diversecity/Desktop/picoboot-bt to picoboot2w/PicoBoot-BT-2W/build/pico2_w/_deps/picotool/picotool
-- Found Python3: C:/Python314/python.exe (found version "3.14.7") found components: Interpreter
-- Detected emulated TLS (__emutls_get_address)
TinyUSB available at C:/Users/Diversecity/pico-sdk/lib/tinyusb/hw/bsp/rp2040; enabling build support for USB.
BTstack available at C:/Users/Diversecity/pico-sdk/lib/btstack
cyw43-driver available at C:/Users/Diversecity/pico-sdk/lib/cyw43-driver
Pico W Bluetooth build support available.
mbedtls available at C:/Users/Diversecity/pico-sdk/lib/mbedtls
lwIP available at C:/Users/Diversecity/pico-sdk/lib/lwip
Pico W Wi-Fi build support available.
C library type is newlib
-- Configuring done (12.6s)
-- Generating done (1.5s)
-- Build files have been written to: C:/Users/Diversecity/Desktop/picoboot-bt to picoboot2w/PicoBoot-BT-2W/build/pico2_w
